18537607
4868589
18407741
1857720
17423934
9524973
11606646
7370023
0
7768587
11407126
11751175
11628834
1290129
11535022
13911391
16498088
0
10603800
16451645
7867636
5590559
6182756
2723697
14687235
5513976
0
15091509
19941035
15599368
9627198
4270373
6810681
12540305
0
6186969
260897
1037775
18441625
15053395
12178546
47128
2950660
0
14468339
6350498
11198791
12901290
6573066
0
5529456
2405420
12907568
19785590
7081584
15397963
14949524
